// Jest Snapshot v1, https://goo.gl/fbAQLP

exports[`renders correctly with required props 1`] = `
<RCTSafeAreaView
  style={
    Object {
      "backgroundColor": "#ffffff",
      "flex": 1,
    }
  }
>
  <View
    style={
      Object {
        "height": 40,
        "marginHorizontal": 40,
        "marginVertical": 10,
      }
    }
  >
    <Text
      accessible={true}
      allowFontScaling={true}
      ellipsizeMode="tail"
      style={
        Object {
          "color": "#000",
          "fontSize": 32,
          "fontWeight": "900",
        }
      }
    >
      Kiwi T9
    </Text>
  </View>
  <View
    style={
      Object {
        "flex": 1,
      }
    }
  />
  <View
    style={
      Object {
        "height": 44,
      }
    }
  />
  <View
    style={
      Object {
        "alignItems": "center",
        "flex": 3,
        "justifyContent": "center",
      }
    }
  />
</RCTSafeAreaView>
`;
